2026-09-16 08:33:17 [INFO   ] [✅] Updated sitemap with 29020 service URLs
2026-09-16 10:00:55 [INFO   ] ============================================================
2026-09-16 10:00:55 [INFO   ] 🚀 ULTRA-FAST GROWTH ENGINE DEPLOYMENT v3.0
2026-09-16 10:00:55 [INFO   ] ============================================================
2026-09-16 10:00:55 [INFO   ] [ℹ️] Existing services: 28932 unique entries in catalog
2026-09-16 10:00:55 [INFO   ] [➕] Discovering 50 new AI/IT services...
2026-09-16 10:00:55 [INFO   ] [➕] Generated 10/50 services...
2026-09-16 10:00:55 [INFO   ] [➕] Generated 20/50 services...
2026-09-16 10:00:55 [INFO   ] [➕] Generated 30/50 services...
2026-09-16 10:00:55 [INFO   ] [➕] Generated 40/50 services...
2026-09-16 10:00:55 [INFO   ] [➕] Generated 50/50 services...
2026-09-16 10:00:55 [INFO   ] [✅] Generated 50 new services
2026-09-16 10:00:55 [INFO   ] [✅] Added: AI-Powered Zero-Trust Cryptocurrency Analytics
2026-09-16 10:00:55 [INFO   ] [✅] Added: Cognitive Intelligent Hospitality Decision Engine
2026-09-16 10:00:55 [INFO   ] [✅] Added: Next-Generation Industry-Specific Real Estate Automation
2026-09-16 10:00:55 [INFO   ] [✅] Added: Cognitive Frictionless Healthcare Decision Engine
2026-09-16 10:00:55 [INFO   ] [✅] Added: Serverless Declarative Agriculture Deployment
2026-09-16 10:00:55 [INFO   ] [✅] Added: Edge-Native Automated Retail Processing
2026-09-16 10:00:55 [INFO   ] [✅] Added: Quantum-Ready Modular Logistics Analytics
2026-09-16 10:00:55 [INFO   ] [✅] Added: Quantum-Ready Autonomous Edtech Analytics
2026-09-16 10:00:55 [INFO   ] [✅] Added: Serverless Insightful Gaming Deployment
2026-09-16 10:00:55 [INFO   ] [✅] Added: Next-Generation Next-Generation Food Service Automation
2026-09-16 10:00:55 [INFO   ] [✅] Added: Edge-Native Seamless Energy Processing
2026-09-16 10:00:55 [INFO   ] [✅] Added: AI-Powered Frictionless Insurance Analytics
2026-09-16 10:00:55 [INFO   ] [✅] Added: Intelligent Seamless Hospitality Processing Framework
2026-09-16 10:00:55 [INFO   ] [✅] Added: AI-Powered Federated Media Intelligence Platform
2026-09-16 10:00:55 [INFO   ] [✅] Added: Autonomous Autonomous Insurtech Management System
2026-09-16 10:00:55 [INFO   ] [✅] Added: Cognitive Smart Financial Decision Engine
2026-09-16 10:00:55 [INFO   ] [✅] Added: Serverless Advanced Fitness Deployment
2026-09-16 10:00:55 [INFO   ] [✅] Added: AI-Powered Serverless Pharmaceuticals Intelligence Platform
2026-09-16 10:00:55 [INFO   ] [✅] Added: Autonomous Zero-Trust Supply Chain Management System
2026-09-16 10:00:55 [INFO   ] [✅] Added: Serverless Edge-Native Blockchain Deployment
2026-09-16 10:00:55 [INFO   ] [✅] Added: Autonomous Federated Real Estate Management System
2026-09-16 10:00:55 [INFO   ] [✅] Added: Predictive Declarative Human Resources Risk Scoring
2026-09-16 10:00:55 [INFO   ] [✅] Added: AI-Powered Seamless Fitness Analytics
2026-09-16 10:00:55 [INFO   ] [✅] Added: Quantum-Ready Zero-Trust Non-Profit Analytics
2026-09-16 10:00:55 [INFO   ] [✅] Added: Serverless Quantum-Ready Pharmaceuticals Deployment
2026-09-16 10:00:55 [INFO   ] [✅] Added: Quantum-Ready Zero-Trust Real Estate Analytics
2026-09-16 10:00:55 [INFO   ] [✅] Added: Next-Generation Adaptive Construction Automation
2026-09-16 10:00:55 [INFO   ] [✅] Added: AI-Powered Quantum-Ready Government Analytics
2026-09-16 10:00:55 [INFO   ] [✅] Added: Quantum-Ready Composable Marketing Analytics
2026-09-16 10:00:55 [INFO   ] [✅] Added: AI-Powered Advanced Aviation Optimization Engine
2026-09-16 10:00:55 [INFO   ] [✅] Added: Intelligent Seamless Agriculture Processing Framework
2026-09-16 10:00:55 [INFO   ] [✅] Added: Serverless Serverless Insurtech Deployment
2026-09-16 10:00:55 [INFO   ] [✅] Added: Cognitive Scalable Insurance Decision Engine
2026-09-16 10:00:55 [INFO   ] [✅] Added: Intelligent Distributed Energy Processing Framework
2026-09-16 10:00:55 [INFO   ] [✅] Added: Cloud-Native Industry-Specific Aerospace Orchestration
2026-09-16 10:00:55 [INFO   ] [✅] Added: AI-Powered Modular Sales Optimization Engine
2026-09-16 10:00:55 [INFO   ] [✅] Added: Cloud-Native Serverless Manufacturing Orchestration
2026-09-16 10:00:55 [INFO   ] [✅] Added: Cloud-Native Hyper-Local Non-Profit Orchestration
2026-09-16 10:00:55 [INFO   ] [✅] Added: Serverless Scalable Construction Deployment
2026-09-16 10:00:55 [INFO   ] [✅] Added: Enterprise Serverless Media Analytics Suite
2026-09-16 10:00:55 [INFO   ] [✅] Added: Serverless Optimized Media Deployment
2026-09-16 10:00:55 [INFO   ] [✅] Added: AI-Powered Automated Travel Analytics
2026-09-16 10:00:55 [INFO   ] [✅] Added: Cloud-Native Robust Telecommunications Orchestration
2026-09-16 10:00:55 [INFO   ] [✅] Added: Quantum-Ready Enterprise-Grade Media Analytics
2026-09-16 10:00:55 [INFO   ] [✅] Added: Autonomous Scalable Government Management System
2026-09-16 10:00:55 [INFO   ] [✅] Added: Predictive Scalable Biotechnology Risk Scoring
2026-09-16 10:00:55 [INFO   ] [✅] Added: Cloud-Native Real-Time Transportation Orchestration
2026-09-16 10:00:55 [INFO   ] [✅] Added: Autonomous Multi-Tenant Insurtech Management System
2026-09-16 10:00:55 [INFO   ] [✅] Added: Predictive Resilient Biotechnology Risk Scoring
2026-09-16 10:00:55 [INFO   ] [✅] Added: Next-Generation Resilient Non-Profit Automation
2026-09-16 10:00:56 [INFO   ] [💾] Saved 50 new services to catalog
2026-09-16 10:00:56 [INFO   ] [📊] Total services in catalog: 29070
2026-09-16 10:00:56 [INFO   ] [📄] Generating landing pages...
2026-09-16 10:00:56 [INFO   ] [📄] Generated landing page: ai-powered-zero-trust-cryptocurrency-analytics-851fb0df
2026-09-16 10:00:56 [INFO   ] [📄] Generated landing page: cognitive-intelligent-hospitality-decision-engine-60587d83
2026-09-16 10:00:56 [INFO   ] [📄] Generated landing page: next-generation-industry-specific-real-estate-automation-09d6c82d
2026-09-16 10:00:56 [INFO   ] [📄] Generated landing page: cognitive-frictionless-healthcare-decision-engine-6bbdd457
2026-09-16 10:00:56 [INFO   ] [📄] Generated landing page: serverless-declarative-agriculture-deployment-758e2d59
2026-09-16 10:00:56 [INFO   ] [📄] Generated landing page: edge-native-automated-retail-processing-d3a18636
2026-09-16 10:00:56 [INFO   ] [📄] Generated landing page: quantum-ready-modular-logistics-analytics-c3744283
2026-09-16 10:00:56 [INFO   ] [📄] Generated landing page: quantum-ready-autonomous-edtech-analytics-0938af67
2026-09-16 10:00:56 [INFO   ] [📄] Generated landing page: serverless-insightful-gaming-deployment-508890c7
2026-09-16 10:00:56 [INFO   ] [📄] Generated landing page: next-generation-next-generation-food-service-automation-95657e87
2026-09-16 10:00:56 [INFO   ] [📄] Generated landing page: edge-native-seamless-energy-processing-5c87cd01
2026-09-16 10:00:56 [INFO   ] [📄] Generated landing page: ai-powered-frictionless-insurance-analytics-aaec61fa
2026-09-16 10:00:56 [INFO   ] [📄] Generated landing page: intelligent-seamless-hospitality-processing-framework-2c8e4cfb
2026-09-16 10:00:56 [INFO   ] [📄] Generated landing page: ai-powered-federated-media-intelligence-platform-da188465
2026-09-16 10:00:56 [INFO   ] [📄] Generated landing page: autonomous-autonomous-insurtech-management-system-75b7bf43
2026-09-16 10:00:56 [INFO   ] [📄] Generated landing page: cognitive-smart-financial-decision-engine-cd53752e
2026-09-16 10:00:56 [INFO   ] [📄] Generated landing page: serverless-advanced-fitness-deployment-ef538f68
2026-09-16 10:00:56 [INFO   ] [📄] Generated landing page: ai-powered-serverless-pharmaceuticals-intelligence-platform-bce19fb8
2026-09-16 10:00:56 [INFO   ] [📄] Generated landing page: autonomous-zero-trust-supply-chain-management-system-e01b113d
2026-09-16 10:00:56 [INFO   ] [📄] Generated landing page: serverless-edge-native-blockchain-deployment-a673289b
2026-09-16 10:00:56 [INFO   ] [📄] Generated landing page: autonomous-federated-real-estate-management-system-33b07f10
2026-09-16 10:00:56 [INFO   ] [📄] Generated landing page: predictive-declarative-human-resources-risk-scoring-8f03c097
2026-09-16 10:00:56 [INFO   ] [📄] Generated landing page: ai-powered-seamless-fitness-analytics-11447bb2
2026-09-16 10:00:56 [INFO   ] [📄] Generated landing page: quantum-ready-zero-trust-non-profit-analytics-4b0e4396
2026-09-16 10:00:56 [INFO   ] [📄] Generated landing page: serverless-quantum-ready-pharmaceuticals-deployment-d44ec652
2026-09-16 10:00:56 [INFO   ] [📄] Generated landing page: quantum-ready-zero-trust-real-estate-analytics-af9a2142
2026-09-16 10:00:56 [INFO   ] [📄] Generated landing page: next-generation-adaptive-construction-automation-55b0f0d7
2026-09-16 10:00:56 [INFO   ] [📄] Generated landing page: ai-powered-quantum-ready-government-analytics-675311d5
2026-09-16 10:00:56 [INFO   ] [📄] Generated landing page: quantum-ready-composable-marketing-analytics-b4962094
2026-09-16 10:00:56 [INFO   ] [📄] Generated landing page: ai-powered-advanced-aviation-optimization-engine-b852cde2
2026-09-16 10:00:56 [INFO   ] [📄] Generated landing page: intelligent-seamless-agriculture-processing-framework-57eae757
2026-09-16 10:00:56 [INFO   ] [📄] Generated landing page: serverless-serverless-insurtech-deployment-3553d83e
2026-09-16 10:00:56 [INFO   ] [📄] Generated landing page: cognitive-scalable-insurance-decision-engine-e00db6b3
2026-09-16 10:00:56 [INFO   ] [📄] Generated landing page: intelligent-distributed-energy-processing-framework-add6b4ea
2026-09-16 10:00:56 [INFO   ] [📄] Generated landing page: cloud-native-industry-specific-aerospace-orchestration-29533e58
2026-09-16 10:00:56 [INFO   ] [📄] Generated landing page: ai-powered-modular-sales-optimization-engine-925e06b5
2026-09-16 10:00:56 [INFO   ] [📄] Generated landing page: cloud-native-serverless-manufacturing-orchestration-8af8ea08
2026-09-16 10:00:56 [INFO   ] [📄] Generated landing page: cloud-native-hyper-local-non-profit-orchestration-2c91ce12
2026-09-16 10:00:56 [INFO   ] [📄] Generated landing page: serverless-scalable-construction-deployment-0f4ba982
2026-09-16 10:00:56 [INFO   ] [📄] Generated landing page: enterprise-serverless-media-analytics-suite-fb42da8d
2026-09-16 10:00:56 [INFO   ] [📄] Generated landing page: serverless-optimized-media-deployment-ef5b374d
2026-09-16 10:00:56 [INFO   ] [📄] Generated landing page: ai-powered-automated-travel-analytics-fb2314b2
2026-09-16 10:00:56 [INFO   ] [📄] Generated landing page: cloud-native-robust-telecommunications-orchestration-ad042ba8
2026-09-16 10:00:56 [INFO   ] [📄] Generated landing page: quantum-ready-enterprise-grade-media-analytics-c7d0c854
2026-09-16 10:00:56 [INFO   ] [📄] Generated landing page: autonomous-scalable-government-management-system-d2ecc106
2026-09-16 10:00:56 [INFO   ] [📄] Generated landing page: predictive-scalable-biotechnology-risk-scoring-4b19889c
2026-09-16 10:00:56 [INFO   ] [📄] Generated landing page: cloud-native-real-time-transportation-orchestration-55b2c588
2026-09-16 10:00:56 [INFO   ] [📄] Generated landing page: autonomous-multi-tenant-insurtech-management-system-e3c3655b
2026-09-16 10:00:56 [INFO   ] [📄] Generated landing page: predictive-resilient-biotechnology-risk-scoring-9577ac80
2026-09-16 10:00:56 [INFO   ] [📄] Generated landing page: next-generation-resilient-non-profit-automation-1869900c
2026-09-16 10:00:56 [INFO   ] [✅] Generated 50 landing pages
2026-09-16 10:00:56 [INFO   ] [🗺️] Updating sitemap...
2026-09-16 10:00:56 [INFO   ] [✅] Updated sitemap with 29070 service URLs
2026-09-16 10:00:56 [INFO   ] [📧] Generating outreach emails...
2026-09-16 10:00:56 [INFO   ] [📧] Generated outreach email: ai-powered-zero-trust-cryptocurrency-analytics-851fb0df
2026-09-16 10:00:56 [INFO   ] [📧] Generated outreach email: cognitive-intelligent-hospitality-decision-engine-60587d83
2026-09-16 10:00:56 [INFO   ] [📧] Generated outreach email: next-generation-industry-specific-real-estate-automation-09d6c82d
2026-09-16 10:00:56 [INFO   ] [📧] Generated outreach email: cognitive-frictionless-healthcare-decision-engine-6bbdd457
2026-09-16 10:00:56 [INFO   ] [📧] Generated outreach email: serverless-declarative-agriculture-deployment-758e2d59
2026-09-16 10:00:56 [INFO   ] [📧] Generated outreach email: edge-native-automated-retail-processing-d3a18636
2026-09-16 10:00:56 [INFO   ] [📧] Generated outreach email: quantum-ready-modular-logistics-analytics-c3744283
2026-09-16 10:00:56 [INFO   ] [📧] Generated outreach email: quantum-ready-autonomous-edtech-analytics-0938af67
2026-09-16 10:00:56 [INFO   ] [📧] Generated outreach email: serverless-insightful-gaming-deployment-508890c7
2026-09-16 10:00:56 [INFO   ] [📧] Generated outreach email: next-generation-next-generation-food-service-automation-95657e87
2026-09-16 10:00:56 [INFO   ] [📧] Generated outreach email: edge-native-seamless-energy-processing-5c87cd01
2026-09-16 10:00:56 [INFO   ] [📧] Generated outreach email: ai-powered-frictionless-insurance-analytics-aaec61fa
2026-09-16 10:00:56 [INFO   ] [📧] Generated outreach email: intelligent-seamless-hospitality-processing-framework-2c8e4cfb
2026-09-16 10:00:56 [INFO   ] [📧] Generated outreach email: ai-powered-federated-media-intelligence-platform-da188465
2026-09-16 10:00:56 [INFO   ] [📧] Generated outreach email: autonomous-autonomous-insurtech-management-system-75b7bf43
2026-09-16 10:00:56 [INFO   ] [📧] Generated outreach email: cognitive-smart-financial-decision-engine-cd53752e
2026-09-16 10:00:56 [INFO   ] [📧] Generated outreach email: serverless-advanced-fitness-deployment-ef538f68
2026-09-16 10:00:56 [INFO   ] [📧] Generated outreach email: ai-powered-serverless-pharmaceuticals-intelligence-platform-bce19fb8
2026-09-16 10:00:56 [INFO   ] [📧] Generated outreach email: autonomous-zero-trust-supply-chain-management-system-e01b113d
2026-09-16 10:00:56 [INFO   ] [📧] Generated outreach email: serverless-edge-native-blockchain-deployment-a673289b
2026-09-16 10:00:56 [INFO   ] [📧] Generated outreach email: autonomous-federated-real-estate-management-system-33b07f10
2026-09-16 10:00:56 [INFO   ] [📧] Generated outreach email: predictive-declarative-human-resources-risk-scoring-8f03c097
2026-09-16 10:00:56 [INFO   ] [📧] Generated outreach email: ai-powered-seamless-fitness-analytics-11447bb2
2026-09-16 10:00:56 [INFO   ] [📧] Generated outreach email: quantum-ready-zero-trust-non-profit-analytics-4b0e4396
2026-09-16 10:00:56 [INFO   ] [📧] Generated outreach email: serverless-quantum-ready-pharmaceuticals-deployment-d44ec652
2026-09-16 10:00:56 [INFO   ] [📧] Generated outreach email: quantum-ready-zero-trust-real-estate-analytics-af9a2142
2026-09-16 10:00:56 [INFO   ] [📧] Generated outreach email: next-generation-adaptive-construction-automation-55b0f0d7
2026-09-16 10:00:56 [INFO   ] [📧] Generated outreach email: ai-powered-quantum-ready-government-analytics-675311d5
2026-09-16 10:00:56 [INFO   ] [📧] Generated outreach email: quantum-ready-composable-marketing-analytics-b4962094
2026-09-16 10:00:56 [INFO   ] [📧] Generated outreach email: ai-powered-advanced-aviation-optimization-engine-b852cde2
2026-09-16 10:00:56 [INFO   ] [📧] Generated outreach email: intelligent-seamless-agriculture-processing-framework-57eae757
2026-09-16 10:00:56 [INFO   ] [📧] Generated outreach email: serverless-serverless-insurtech-deployment-3553d83e
2026-09-16 10:00:56 [INFO   ] [📧] Generated outreach email: cognitive-scalable-insurance-decision-engine-e00db6b3
2026-09-16 10:00:56 [INFO   ] [📧] Generated outreach email: intelligent-distributed-energy-processing-framework-add6b4ea
2026-09-16 10:00:56 [INFO   ] [📧] Generated outreach email: cloud-native-industry-specific-aerospace-orchestration-29533e58
2026-09-16 10:00:56 [INFO   ] [📧] Generated outreach email: ai-powered-modular-sales-optimization-engine-925e06b5
2026-09-16 10:00:56 [INFO   ] [📧] Generated outreach email: cloud-native-serverless-manufacturing-orchestration-8af8ea08
2026-09-16 10:00:56 [INFO   ] [📧] Generated outreach email: cloud-native-hyper-local-non-profit-orchestration-2c91ce12
2026-09-16 10:00:56 [INFO   ] [📧] Generated outreach email: serverless-scalable-construction-deployment-0f4ba982
2026-09-16 10:00:56 [INFO   ] [📧] Generated outreach email: enterprise-serverless-media-analytics-suite-fb42da8d
2026-09-16 10:00:56 [INFO   ] [📧] Generated outreach email: serverless-optimized-media-deployment-ef5b374d
2026-09-16 10:00:56 [INFO   ] [📧] Generated outreach email: ai-powered-automated-travel-analytics-fb2314b2
2026-09-16 10:00:56 [INFO   ] [📧] Generated outreach email: cloud-native-robust-telecommunications-orchestration-ad042ba8
2026-09-16 10:00:56 [INFO   ] [📧] Generated outreach email: quantum-ready-enterprise-grade-media-analytics-c7d0c854
2026-09-16 10:00:56 [INFO   ] [📧] Generated outreach email: autonomous-scalable-government-management-system-d2ecc106
2026-09-16 10:00:56 [INFO   ] [📧] Generated outreach email: predictive-scalable-biotechnology-risk-scoring-4b19889c
2026-09-16 10:00:56 [INFO   ] [📧] Generated outreach email: cloud-native-real-time-transportation-orchestration-55b2c588
2026-09-16 10:00:56 [INFO   ] [📧] Generated outreach email: autonomous-multi-tenant-insurtech-management-system-e3c3655b
2026-09-16 10:00:56 [INFO   ] [📧] Generated outreach email: predictive-resilient-biotechnology-risk-scoring-9577ac80
2026-09-16 10:00:56 [INFO   ] [📧] Generated outreach email: next-generation-resilient-non-profit-automation-1869900c
2026-09-16 10:00:56 [INFO   ] [✅] Generated 50 outreach emails
2026-09-16 10:00:56 [INFO   ] [🏁] Pipeline complete: 50 pages, 50 emails, 50 services added
